
> jalms@0.1.0 build
> next build

   Γû▓ Next.js 16.0.10 (Turbopack)
   - Environments: .env

   Creating an optimized production build ...
node.exe : Turbopack build 
encountered 1 warnings:
At line:1 char:1
+ & "C:\nvm4w\nodejs/node.exe" "
C:\nvm4w\nodejs/node_modules/npm
/bin/np ...
+ ~~~~~~~~~~~~~~~~~~~~~~~~~~~~~~
~~~~~~~~~~~~~~~~~~~~~~~~~~~~~~~~
~~~~~~~
    + CategoryInfo          : N 
   otSpecified: (Turbopack bui  
  ld encountered 1 warnings::   
 String) [], RemoteException
    + FullyQualifiedErrorId : N 
   ativeCommandError
 
./hooks/use-local-upload.ts:18:4
3
Module not found: Can't resolve 
'@uploadthing/react/client'
[0m [90m 16 |[39m         
[36mtry[39m {
 [90m 17 |[39m             
[90m// Dynamically import to 
avoid server-side issues if 
called there, though this hook 
is likely client-side[39m
[31m[1m>[22m[39m[90m 18 
|[39m             
[36mconst[39m { uploadFiles } 
[33m=[39m [36mawait[39m [36
mimport[39m([32m"@uploadthing/
react/client"[39m)[33m;[39m
 [90m    |[39m                
                           [31m
[1m^[22m[39m[31m[1m^[22m[
39m[31m[1m^[22m[39m[31m[1m
^[22m[39m[31m[1m^[22m[39m
[31m[1m^[22m[39m[31m[1m^[2
2m[39m[31m[1m^[22m[39m[31m
[1m^[22m[39m[31m[1m^[22m[
39m[31m[1m^[22m[39m[31m[1m
^[22m[39m[31m[1m^[22m[39m
[31m[1m^[22m[39m[31m[1m^[2
2m[39m[31m[1m^[22m[39m[31m
[1m^[22m[39m[31m[1m^[22m[
39m[31m[1m^[22m[39m[31m[1m
^[22m[39m[31m[1m^[22m[39m
[31m[1m^[22m[39m[31m[1m^[2
2m[39m[31m[1m^[22m[39m[31m
[1m^[22m[39m[31m[1m^[22m[
39m[31m[1m^[22m[39m[31m[1m
^[22m[39m[31m[1m^[22m[39m
[31m[1m^[22m[39m[31m[1m^[2
2m[39m[31m[1m^[22m[39m[31m
[1m^[22m[39m[31m[1m^[22m[
39m[31m[1m^[22m[39m
 [90m 19 |[39m
 [90m 20 |[39m             
[90m// We use the 
"courseUpload" endpoint we 
defined in core.ts[39m
 [90m 21 |[39m             
[90m// Note: UploadThing 
doesn't strictly use "folders" 
in the same way, but we can 
pass it as input if we extended 
the metadata [39m[0m



Import traces:
  Client Component Browser:
    ./hooks/use-local-upload.ts 
[Client Component Browser]
    ./components/student/submiss
ion-form.tsx [Client Component 
Browser]
    ./components/student/submiss
ion-form.tsx [Server Component]
    ./app/(dashboard)/student/co
urses/[courseId]/tasks/[taskId]/
page.tsx [Server Component]

  Client Component SSR:
    ./hooks/use-local-upload.ts 
[Client Component SSR]
    ./components/student/submiss
ion-form.tsx [Client Component 
SSR]
    ./components/student/submiss
ion-form.tsx [Server Component]
    ./app/(dashboard)/student/co
urses/[courseId]/tasks/[taskId]/
page.tsx [Server Component]

https://nextjs.org/docs/messages
/module-not-found



> Build error occurred
Error: Turbopack build failed 
with 1 errors:
./components/homeroom/report-car
d-download-button.tsx
Code generation for chunk item 
errored
An error occurred while 
generating the chunk item [proje
ct]/components/homeroom/report-c
ard-download-button.tsx 
[app-ssr] (ecmascript)

Caused by:
- ModuleId not found for ident: 
"[externals]/@react-pdf/renderer
 [external] 
(@react-pdf/renderer, 
esm_import)"

Debug info:
- An error occurred while 
generating the chunk item [proje
ct]/components/homeroom/report-c
ard-download-button.tsx 
[app-ssr] (ecmascript)
- Execution of <ModuleChunkItem 
as EcmascriptChunkItem>::content
_with_async_module_info failed
- Execution of *EcmascriptChunkI
temContent::new failed
- Execution of 
EcmascriptModuleContent::new 
failed
- Execution of 
<GlobalModuleIdStrategy as Modul
eIdStrategy>::get_module_id 
failed
- ModuleId not found for ident: 
"[externals]/@react-pdf/renderer
 [external] 
(@react-pdf/renderer, 
esm_import)"

Import trace:
  Server Component:
    ./components/homeroom/report
-card-download-button.tsx
    ./app/(dashboard)/homeroom/[
classId]/students/[studentId]/re
port/page.tsx


    at ignore-listed frames
